// Jest Snapshot v1, https://goo.gl/fbAQLP

exports[`Snapshot should render correctly 1`] = `"View"`;
